2026-03-17 17:51:46.272 | INFO     | utils.telegram_notifier:__init__:20 | TelegramNotifier: Initialized for chat_id -5227736789
🚀 Starting Live Connectivity Test...

--- Testing Bybit ---
2026-03-17 17:51:46.458 | INFO     | exchanges.bybit_trader:sync_server_time:73 | ⏱️  Bybit time-sync: offset=+33 ms  (server=1773744706398, local_mid=1773744706365)
Bybit Balance: {'USDT': 0.0, 'AMI': 0.0, 'APT': 0.0}
Attempting Bybit 5 USDT Market Buy (Expecting rejection due to balance)...
2026-03-17 17:51:46.581 | ERROR    | exchanges.bybit_trader:place_market_order:352 | ❌ Bybit order failed | retCode=170131 retMsg=Insufficient balance. | body={"category":"spot","symbol":"AMIUSDT","side":"Buy","orderType":"Market","qty":"5.0"}
Bybit Order Failed. Check console for retCode (Expected 170121).

--- Testing MEXC ---
2026-03-17 17:51:46.720 | INFO     | exchanges.mexc_trader:sync_server_time:67 | ⏱️  MEXC time-sync: offset=-8 ms  (server=1773744706642, local_mid=1773744706650)
MEXC Balance: {'USDT': 0.0, 'AMI': 0.0, 'APT': 0.0}
Attempting MEXC Market Buy (Expecting rejection)...
2026-03-17 17:51:47.006 | ERROR    | exchanges.mexc_trader:place_market_order:286 | ❌ MEXC order failed | code=30004 msg=Insufficient position | symbol=AMIUSDT side=BUY qty=5.0
MEXC Order Failed as expected (or API error).

--- Testing Aptos DEX Quotes & Transaction ---
It is recommended that private keys are AIP-80 compliant (https://github.com/aptos-foundation/AIPs/blob/main/aips/aip-80.md).
2026-03-17 17:51:47.080 | INFO     | core.cellana_dex_swap:__init__:134 | CellanaDexSwap initialised | wallet=0xdc7156ae87b667943790a9dc6868ad65e57ee948cec5019e4f2bc9d13eb379bc node=https://fullnode.mainnet.aptoslabs.com/v1 max_gas=200000 slippage=0.5%
Cellana Quote: 1 APT -> 120.6953 AMI
Attempting REAL Cellana Swap Transaction (0.001 APT)...
2026-03-17 17:51:47.359 | INFO     | core.cellana_dex_swap:swap_apt_to_ami:167 | APT→AMI quote: 0.001000 APT → ~0.1207 AMI (min=0.1201, slip=0.5%)
2026-03-17 17:51:47.611 | INFO     | core.cellana_dex_swap:_submit_and_wait:388 | 📤 Submitting APT→AMI swap tx...
2026-03-17 17:51:47.712 | ERROR    | core.cellana_dex_swap:_submit_and_wait:431 | ❌ APT→AMI EXCEPTION | {"message":"Invalid transaction: Type: Validation Code: INSUFFICIENT_BALANCE_FOR_TRANSACTION_FEE","error_code":"vm_error","vm_error_code":5} | 458ms
Cellana Swap Result: ok=False tx=None error={"message":"Invalid transaction: Type: Validation Code: INSUFFICIENT_BALANCE_FOR_TRANSACTION_FEE","error_code":"vm_error","vm_error_code":5}
It is recommended that private keys are AIP-80 compliant (https://github.com/aptos-foundation/AIPs/blob/main/aips/aip-80.md).
2026-03-17 17:51:47.746 | INFO     | core.hyperion_dex_swap:__init__:142 | HyperionDexSwap initialised | wallet=0xdc7156ae87b667943790a9dc6868ad65e57ee948cec5019e4f2bc9d13eb379bc node=https://fullnode.mainnet.aptoslabs.com/v1 max_gas=200000 slippage=0.5%
Hyperion Quote: 1 APT -> 120.6956 AMI (Fee: 0.001000)
Attempting REAL Hyperion Swap Transaction (0.001 APT)...
2026-03-17 17:51:48.052 | INFO     | core.hyperion_dex_swap:swap_apt_to_ami:169 | Hyperion APT→AMI quote: 0.001000 APT → ~0.1207 AMI (min=0.1201, fee=0.000001, slip=0.5%)
2026-03-17 17:51:48.369 | INFO     | core.hyperion_dex_swap:_submit_and_wait:374 | 📤 Submitting APT→AMI(Hyperion) swap tx...
2026-03-17 17:51:48.486 | ERROR    | core.hyperion_dex_swap:_submit_and_wait:413 | ❌ APT→AMI(Hyperion) EXCEPTION | {"message":"Invalid transaction: Type: Validation Code: INSUFFICIENT_BALANCE_FOR_TRANSACTION_FEE","error_code":"vm_error","vm_error_code":5} | 555ms
Unclosed client session
client_session: <aiohttp.client.ClientSession object at 0x71425e1a6fb0>
Unclosed connector
connections: ['deque([(<aiohttp.client_proto.ResponseHandler object at 0x71425dfd4940>, 4988.230760072)])']
connector: <aiohttp.connector.TCPConnector object at 0x71425e1a5570>
Unclosed client session
client_session: <aiohttp.client.ClientSession object at 0x71425d6bb160>
Unclosed connector
connections: ['deque([(<aiohttp.client_proto.ResponseHandler object at 0x71425d6aeb60>, 4988.923871732)])']
connector: <aiohttp.connector.TCPConnector object at 0x71425d6b91e0>
Hyperion Swap Result: ok=False tx=None error={"message":"Invalid transaction: Type: Validation Code: INSUFFICIENT_BALANCE_FOR_TRANSACTION_FEE","error_code":"vm_error","vm_error_code":5}

Sending report to Telegram...
Done.
